// Jest Snapshot v1, https://goo.gl/fbAQLP

exports[`Render single entry should render single entry 1`] = `
ShallowWrapper {
  Symbol(enzyme.__root__): [Circular],
  Symbol(enzyme.__unrendered__): <SingleEntry
    deleteEntryAction={[Function]}
    fetchedEntry={
      Object {
        "entry": Object {},
      }
    }
    getEntryAction={[Function]}
    history={
      Object {
        "push": [MockFunction],
      }
    }
    location={
      Object {
        "pathname": "/Entry/1",
      }
    }
    match={
      Object {
        "params": Object {
          "entry_id": "1",
        },
      }
    }
  />,
  Symbol(enzyme.__renderer__): Object {
    "batchedUpdates": [Function],
    "getNode": [Function],
    "render": [Function],
    "simulateError": [Function],
    "simulateEvent": [Function],
    "unmount": [Function],
  },
  Symbol(enzyme.__node__): Object {
    "instance": null,
    "key": undefined,
    "nodeType": "function",
    "props": Object {
      "children": Array [
        <Header />,
        <div
          className="SingleEntry"
        >
          <div
            className="EntryDetails"
          >
            <div
              className="Diaryheader"
            >
              <h1 />
              <h3 />
            </div>
            <div
              className="diarybody"
            >
              <h1 />
            </div>
            <div
              className="actionButtons"
            >
              <Button
                className="button"
                label="Edit"
                onClick={[Function]}
              />
              <Button
                className="button"
                label="Delete"
                onClick={[Function]}
              />
            </div>
          </div>
        </div>,
        <Footer />,
      ],
    },
    "ref": null,
    "rendered": Array [
      Object {
        "instance": null,
        "key": undefined,
        "nodeType": "function",
        "props": Object {},
        "ref": null,
        "rendered": null,
        "type": [Function],
      },
      Object {
        "instance": null,
        "key": undefined,
        "nodeType": "host",
        "props": Object {
          "children": <div
            className="EntryDetails"
          >
            <div
              className="Diaryheader"
            >
              <h1 />
              <h3 />
            </div>
            <div
              className="diarybody"
            >
              <h1 />
            </div>
            <div
              className="actionButtons"
            >
              <Button
                className="button"
                label="Edit"
                onClick={[Function]}
              />
              <Button
                className="button"
                label="Delete"
                onClick={[Function]}
              />
            </div>
          </div>,
          "className": "SingleEntry",
        },
        "ref": null,
        "rendered": Object {
          "instance": null,
          "key": undefined,
          "nodeType": "host",
          "props": Object {
            "children": Array [
              <div
                className="Diaryheader"
              >
                <h1 />
                <h3 />
              </div>,
              <div
                className="diarybody"
              >
                <h1 />
              </div>,
              <div
                className="actionButtons"
              >
                <Button
                  className="button"
                  label="Edit"
                  onClick={[Function]}
                />
                <Button
                  className="button"
                  label="Delete"
                  onClick={[Function]}
                />
              </div>,
            ],
            "className": "EntryDetails",
          },
          "ref": null,
          "rendered": Array [
            Object {
              "instance": null,
              "key": undefined,
              "nodeType": "host",
              "props": Object {
                "children": Array [
                  <h1 />,
                  <h3 />,
                ],
                "className": "Diaryheader",
              },
              "ref": null,
              "rendered": Array [
                Object {
                  "instance": null,
                  "key": undefined,
                  "nodeType": "host",
                  "props": Object {
                    "children": undefined,
                  },
                  "ref": null,
                  "rendered": null,
                  "type": "h1",
                },
                Object {
                  "instance": null,
                  "key": undefined,
                  "nodeType": "host",
                  "props": Object {
                    "children": undefined,
                  },
                  "ref": null,
                  "rendered": null,
                  "type": "h3",
                },
              ],
              "type": "div",
            },
            Object {
              "instance": null,
              "key": undefined,
              "nodeType": "host",
              "props": Object {
                "children": <h1 />,
                "className": "diarybody",
              },
              "ref": null,
              "rendered": Object {
                "instance": null,
                "key": undefined,
                "nodeType": "host",
                "props": Object {
                  "children": undefined,
                },
                "ref": null,
                "rendered": null,
                "type": "h1",
              },
              "type": "div",
            },
            Object {
              "instance": null,
              "key": undefined,
              "nodeType": "host",
              "props": Object {
                "children": Array [
                  <Button
                    className="button"
                    label="Edit"
                    onClick={[Function]}
                  />,
                  <Button
                    className="button"
                    label="Delete"
                    onClick={[Function]}
                  />,
                ],
                "className": "actionButtons",
              },
              "ref": null,
              "rendered": Array [
                Object {
                  "instance": null,
                  "key": undefined,
                  "nodeType": "function",
                  "props": Object {
                    "className": "button",
                    "label": "Edit",
                    "onClick": [Function],
                  },
                  "ref": null,
                  "rendered": null,
                  "type": [Function],
                },
                Object {
                  "instance": null,
                  "key": undefined,
                  "nodeType": "function",
                  "props": Object {
                    "className": "button",
                    "label": "Delete",
                    "onClick": [Function],
                  },
                  "ref": null,
                  "rendered": null,
                  "type": [Function],
                },
              ],
              "type": "div",
            },
          ],
          "type": "div",
        },
        "type": "div",
      },
      Object {
        "instance": null,
        "key": undefined,
        "nodeType": "function",
        "props": Object {},
        "ref": null,
        "rendered": null,
        "type": [Function],
      },
    ],
    "type": Symbol(react.fragment),
  },
  Symbol(enzyme.__nodes__): Array [
    Object {
      "instance": null,
      "key": undefined,
      "nodeType": "function",
      "props": Object {
        "children": Array [
          <Header />,
          <div
            className="SingleEntry"
          >
            <div
              className="EntryDetails"
            >
              <div
                className="Diaryheader"
              >
                <h1 />
                <h3 />
              </div>
              <div
                className="diarybody"
              >
                <h1 />
              </div>
              <div
                className="actionButtons"
              >
                <Button
                  className="button"
                  label="Edit"
                  onClick={[Function]}
                />
                <Button
                  className="button"
                  label="Delete"
                  onClick={[Function]}
                />
              </div>
            </div>
          </div>,
          <Footer />,
        ],
      },
      "ref": null,
      "rendered": Array [
        Object {
          "instance": null,
          "key": undefined,
          "nodeType": "function",
          "props": Object {},
          "ref": null,
          "rendered": null,
          "type": [Function],
        },
        Object {
          "instance": null,
          "key": undefined,
          "nodeType": "host",
          "props": Object {
            "children": <div
              className="EntryDetails"
            >
              <div
                className="Diaryheader"
              >
                <h1 />
                <h3 />
              </div>
              <div
                className="diarybody"
              >
                <h1 />
              </div>
              <div
                className="actionButtons"
              >
                <Button
                  className="button"
                  label="Edit"
                  onClick={[Function]}
                />
                <Button
                  className="button"
                  label="Delete"
                  onClick={[Function]}
                />
              </div>
            </div>,
            "className": "SingleEntry",
          },
          "ref": null,
          "rendered": Object {
            "instance": null,
            "key": undefined,
            "nodeType": "host",
            "props": Object {
              "children": Array [
                <div
                  className="Diaryheader"
                >
                  <h1 />
                  <h3 />
                </div>,
                <div
                  className="diarybody"
                >
                  <h1 />
                </div>,
                <div
                  className="actionButtons"
                >
                  <Button
                    className="button"
                    label="Edit"
                    onClick={[Function]}
                  />
                  <Button
                    className="button"
                    label="Delete"
                    onClick={[Function]}
                  />
                </div>,
              ],
              "className": "EntryDetails",
            },
            "ref": null,
            "rendered": Array [
              Object {
                "instance": null,
                "key": undefined,
                "nodeType": "host",
                "props": Object {
                  "children": Array [
                    <h1 />,
                    <h3 />,
                  ],
                  "className": "Diaryheader",
                },
                "ref": null,
                "rendered": Array [
                  Object {
                    "instance": null,
                    "key": undefined,
                    "nodeType": "host",
                    "props": Object {
                      "children": undefined,
                    },
                    "ref": null,
                    "rendered": null,
                    "type": "h1",
                  },
                  Object {
                    "instance": null,
                    "key": undefined,
                    "nodeType": "host",
                    "props": Object {
                      "children": undefined,
                    },
                    "ref": null,
                    "rendered": null,
                    "type": "h3",
                  },
                ],
                "type": "div",
              },
              Object {
                "instance": null,
                "key": undefined,
                "nodeType": "host",
                "props": Object {
                  "children": <h1 />,
                  "className": "diarybody",
                },
                "ref": null,
                "rendered": Object {
                  "instance": null,
                  "key": undefined,
                  "nodeType": "host",
                  "props": Object {
                    "children": undefined,
                  },
                  "ref": null,
                  "rendered": null,
                  "type": "h1",
                },
                "type": "div",
              },
              Object {
                "instance": null,
                "key": undefined,
                "nodeType": "host",
                "props": Object {
                  "children": Array [
                    <Button
                      className="button"
                      label="Edit"
                      onClick={[Function]}
                    />,
                    <Button
                      className="button"
                      label="Delete"
                      onClick={[Function]}
                    />,
                  ],
                  "className": "actionButtons",
                },
                "ref": null,
                "rendered": Array [
                  Object {
                    "instance": null,
                    "key": undefined,
                    "nodeType": "function",
                    "props": Object {
                      "className": "button",
                      "label": "Edit",
                      "onClick": [Function],
                    },
                    "ref": null,
                    "rendered": null,
                    "type": [Function],
                  },
                  Object {
                    "instance": null,
                    "key": undefined,
                    "nodeType": "function",
                    "props": Object {
                      "className": "button",
                      "label": "Delete",
                      "onClick": [Function],
                    },
                    "ref": null,
                    "rendered": null,
                    "type": [Function],
                  },
                ],
                "type": "div",
              },
            ],
            "type": "div",
          },
          "type": "div",
        },
        Object {
          "instance": null,
          "key": undefined,
          "nodeType": "function",
          "props": Object {},
          "ref": null,
          "rendered": null,
          "type": [Function],
        },
      ],
      "type": Symbol(react.fragment),
    },
  ],
  Symbol(enzyme.__options__): Object {
    "adapter": ReactSixteenAdapter {
      "options": Object {
        "enableComponentDidUpdateOnSetState": true,
        "lifecycles": Object {
          "componentDidUpdate": Object {
            "onSetState": true,
          },
          "getDerivedStateFromProps": true,
          "getSnapshotBeforeUpdate": true,
          "setState": Object {
            "skipsComponentDidUpdateOnNullish": true,
          },
        },
      },
    },
  },
}
`;
